2026-10-04 21:35:41.795 INFO: ===========VERIFYING SETTINGS===========
2026-10-04 21:35:41.795 INFO: MACE version: 0.3.16
2026-10-04 21:35:41.989 INFO: CUDA version: 12.4, CUDA device: 0
2026-10-04 21:35:42.043 INFO: Using foundation model mace medium as initial checkpoint.
2026-10-04 21:35:42.392 INFO: CUDA version: 12.4, CUDA device: 0
2026-10-04 21:35:42.396 INFO: Using head Default out of  ['Default']
2026-10-04 21:35:42.396 INFO: ===========LOADING INPUT DATA===========
2026-10-04 21:35:42.397 INFO: Using heads: ['Default']
2026-10-04 21:35:42.397 INFO: Using the key specifications to parse data:
2026-10-04 21:35:42.397 INFO: Default: KeySpecification(info_keys={'energy': 'REF_energy', 'stress': 'REF_stress', 'virials': 'REF_virials', 'dipole': 'dipole', 'head': 'head', 'elec_temp': 'elec_temp', 'total_charge': 'total_charge', 'polarizability': 'polarizability', 'total_spin': 'total_spin'}, arrays_keys={'forces': 'REF_forces', 'charges': 'REF_charges'})
2026-10-04 21:35:42.397 INFO: =============    Processing head Default     ===========
2026-10-04 21:35:42.486 INFO: Training set 1/1 [energy: 108, stress: 0, virials: 0, dipole components: 0, head: 108, elec_temp: 0, total_charge: 0, polarizability: 0, total_spin: 0, forces: 108, charges: 0]
2026-10-04 21:35:42.487 INFO: Total Training set [energy: 108, stress: 0, virials: 0, dipole components: 0, head: 108, elec_temp: 0, total_charge: 0, polarizability: 0, total_spin: 0, forces: 108, charges: 0]
2026-10-04 21:35:42.513 INFO: Validation set 1/1 [energy: 12, stress: 0, virials: 0, dipole components: 0, head: 12, elec_temp: 0, total_charge: 0, polarizability: 0, total_spin: 0, forces: 12, charges: 0]
2026-10-04 21:35:42.513 INFO: Total Validation set [energy: 12, stress: 0, virials: 0, dipole components: 0, head: 12, elec_temp: 0, total_charge: 0, polarizability: 0, total_spin: 0, forces: 12, charges: 0]
2026-10-04 21:35:42.513 INFO: Total number of configurations: train=108, valid=12, tests=[],
2026-10-04 21:35:42.514 INFO: Atomic Numbers used: [1, 2, 3, 4, 5, 6, 7, 8, 9, 10, 11, 12, 13, 14, 15, 16, 17, 18, 19, 20, 21, 22, 23, 24, 25, 26, 27, 28, 29, 30, 31, 32, 33, 34, 35, 36, 37, 38, 39, 40, 41, 42, 43, 44, 45, 46, 47, 48, 49, 50, 51, 52, 53, 54, 55, 56, 57, 58, 59, 60, 61, 62, 63, 64, 65, 66, 67, 68, 69, 70, 71, 72, 73, 74, 75, 76, 77, 78, 79, 80, 81, 82, 83, 89, 90, 91, 92, 93, 94]
2026-10-04 21:35:42.515 INFO: Estimating E0s from foundation model predictions on training data
2026-10-04 21:35:42.517 INFO: Estimating E0s using foundation model on 108 configurations with 8 elements
2026-10-04 21:35:47.625 INFO: ================================================================================
2026-10-04 21:35:47.625 INFO: E0 ESTIMATION FROM FOUNDATION MODEL
2026-10-04 21:35:47.625 INFO: ================================================================================
2026-10-04 21:35:47.626 INFO: Rank of system: 3/8
2026-10-04 21:35:47.626 INFO: Residuals: []
2026-10-04 21:35:47.626 INFO: Element 8: foundation E0 = -7.284599 eV, correction = -0.000000 eV, new E0 = -7.284599 eV
2026-10-04 21:35:47.626 INFO: Element 19: foundation E0 = -2.617645 eV, correction = -0.000000 eV, new E0 = -2.617645 eV
2026-10-04 21:35:47.626 INFO: Element 22: foundation E0 = -10.268393 eV, correction = 0.000000 eV, new E0 = -10.268393 eV
2026-10-04 21:35:47.626 INFO: Element 35: foundation E0 = -2.518494 eV, correction = -0.000000 eV, new E0 = -2.518494 eV
2026-10-04 21:35:47.626 INFO: Element 41: foundation E0 = -12.138896 eV, correction = -0.000000 eV, new E0 = -12.138896 eV
2026-10-04 21:35:47.626 INFO: Element 50: foundation E0 = -3.818604 eV, correction = -0.000000 eV, new E0 = -3.818604 eV
2026-10-04 21:35:47.626 INFO: Element 55: foundation E0 = -2.765285 eV, correction = -0.000000 eV, new E0 = -2.765285 eV
2026-10-04 21:35:47.626 INFO: Element 56: foundation E0 = -4.990956 eV, correction = 0.000000 eV, new E0 = -4.990956 eV
2026-10-04 21:35:47.626 INFO: ================================================================================
2026-10-04 21:35:47.626 INFO: FIT STATISTICS
2026-10-04 21:35:47.626 INFO: ================================================================================
2026-10-04 21:35:47.627 INFO: RMSE before E0 correction: 0.389178 eV
2026-10-04 21:35:47.627 INFO: RMSE after E0 correction:  0.389178 eV
2026-10-04 21:35:47.627 INFO: MAE before E0 correction:  0.224898 eV
2026-10-04 21:35:47.627 INFO: MAE after E0 correction:   0.224898 eV
2026-10-04 21:35:47.627 WARNING: System is rank deficient (rank 3/8). Some elements may not be sufficiently represented in the dataset.
2026-10-04 21:35:47.627 INFO: ================================================================================
2026-10-04 21:35:47.627 INFO: Atomic Energies used (z: eV) for head Default: {8: -7.284598634213367, 19: -2.6176454856897, 22: -10.26839298621426, 35: -2.518494009963501, 41: -12.138896361658706, 50: -3.8186042754419263, 55: -2.7652845071323213, 56: -4.990956432167603}
2026-10-04 21:35:47.627 INFO: Processing datasets for head 'Default'
2026-10-04 21:35:47.885 INFO: Combining 1 list datasets for head 'Default'
2026-10-04 21:35:47.915 INFO: Combining 1 list datasets for head 'Default_valid'
2026-10-04 21:35:47.915 INFO: Combined validation datasets for Default
2026-10-04 21:35:47.915 INFO: Head 'Default' training dataset size: 108
2026-10-04 21:35:47.916 INFO: Computing average number of neighbors
2026-10-04 21:35:48.108 INFO: Average number of neighbors: 49.72824074074074
2026-10-04 21:35:48.108 INFO: During training the following quantities will be reported: energy, forces
2026-10-04 21:35:48.108 INFO: ===========MODEL DETAILS===========
2026-10-04 21:35:48.295 INFO: Loading FOUNDATION model
2026-10-04 21:35:48.297 INFO: Using all elements from foundation model: [1, 2, 3, 4, 5, 6, 7, 8, 9, 10, 11, 12, 13, 14, 15, 16, 17, 18, 19, 20, 21, 22, 23, 24, 25, 26, 27, 28, 29, 30, 31, 32, 33, 34, 35, 36, 37, 38, 39, 40, 41, 42, 43, 44, 45, 46, 47, 48, 49, 50, 51, 52, 53, 54, 55, 56, 57, 58, 59, 60, 61, 62, 63, 64, 65, 66, 67, 68, 69, 70, 71, 72, 73, 74, 75, 76, 77, 78, 79, 80, 81, 82, 83, 89, 90, 91, 92, 93, 94]
2026-10-04 21:35:48.297 INFO: Model configuration extracted from foundation model
2026-10-04 21:35:48.297 INFO: Using weighted loss function for fine-tuning
2026-10-04 21:35:48.298 INFO: Message passing with hidden irreps 128x0e+128x1o)
2026-10-04 21:35:48.298 INFO: 2 layers, each with correlation order: 3 (body order: 4) and spherical harmonics up to: l=3
2026-10-04 21:35:48.298 INFO: Radial cutoff: 6.0 A (total receptive field for each atom: 12.0 A)
2026-10-04 21:35:48.298 INFO: Distance transform for radial basis functions: None
2026-10-04 21:35:50.569 INFO: ===========OPTIMIZER INFORMATION===========
2026-10-04 21:35:50.569 INFO: Using ADAM as parameter optimizer
2026-10-04 21:35:50.569 INFO: Batch size: 2
2026-10-04 21:35:50.569 INFO: Using Exponential Moving Average with decay: 0.999
2026-10-04 21:35:50.569 INFO: Number of gradient updates: 324
2026-10-04 21:35:50.569 INFO: Learning rate: 0.001, weight decay: 0.0
2026-10-04 21:35:50.569 INFO: WeightedEnergyForcesLoss(energy_weight=10.000, forces_weight=10.000)
2026-10-04 21:35:50.570 INFO: === Layer's learning rates ===
2026-10-04 21:35:50.570 INFO: Param group 0: lr = 0.001
2026-10-04 21:35:50.570 INFO: Param group 1: lr = 0.001
2026-10-04 21:35:50.571 INFO: Param group 2: lr = 0.001
2026-10-04 21:35:50.571 INFO: Param group 3: lr = 0.001
2026-10-04 21:35:50.571 INFO: Param group 4: lr = 0.001
2026-10-04 21:35:50.572 INFO: Using gradient clipping with tolerance=1.000
2026-10-04 21:35:50.572 INFO: 
2026-10-04 21:35:50.572 INFO: ===========TRAINING===========
2026-10-04 21:35:50.573 INFO: Started training, reporting errors on validation set
2026-10-04 21:35:50.573 INFO: Loss metrics on validation set
2026-10-04 21:35:51.498 INFO: Initial: head: Default, loss=0.05343529, RMSE_E_per_atom=   11.35 meV, RMSE_F=  143.69 meV / A
2026-10-04 21:36:13.117 INFO: Epoch 0: head: Default, loss=0.01814592, RMSE_E_per_atom=    7.24 meV, RMSE_F=   67.29 meV / A
2026-10-04 21:36:28.478 INFO: Epoch 1: head: Default, loss=0.00738056, RMSE_E_per_atom=    4.40 meV, RMSE_F=   43.79 meV / A
2026-10-04 21:36:43.182 INFO: Epoch 2: head: Default, loss=0.00616560, RMSE_E_per_atom=    4.13 meV, RMSE_F=   39.90 meV / A
2026-10-04 21:36:57.907 INFO: Epoch 3: head: Default, loss=0.00565074, RMSE_E_per_atom=    2.84 meV, RMSE_F=   38.21 meV / A
2026-10-04 21:37:12.622 INFO: Epoch 4: head: Default, loss=0.00510763, RMSE_E_per_atom=    3.00 meV, RMSE_F=   36.14 meV / A
2026-10-04 21:37:27.361 INFO: Epoch 5: head: Default, loss=0.02395814, RMSE_E_per_atom=    0.99 meV, RMSE_F=   71.19 meV / A
2026-10-04 21:37:27.362 INFO: Training complete
2026-10-04 21:37:27.362 INFO: 
2026-10-04 21:37:27.362 INFO: ===========RESULTS===========
2026-10-04 21:37:27.362 INFO: Loading checkpoint: results/revision/finetune/models/mace_mp0/seed1/checkpoints/ft_mace_mp0_seed1_run-1_epoch-4.pt
2026-10-04 21:37:27.480 INFO: Loaded Stage one model from epoch 4 for evaluation
2026-10-04 21:37:27.480 INFO: Saving model to results/revision/finetune/models/mace_mp0/seed1/checkpoints/ft_mace_mp0_seed1_run-1.model
2026-10-04 21:37:27.764 INFO: Compiling model, saving metadata to results/revision/finetune/models/mace_mp0/seed1/ft_mace_mp0_seed1_compiled.model
2026-10-04 21:37:28.825 INFO: Computing metrics for training, validation, and test sets
2026-10-04 21:37:28.826 INFO: Skipping evaluation for heads: ['pt_head']
2026-10-04 21:37:28.826 INFO: Evaluating train_Default ...
2026-10-04 21:37:35.079 INFO: Evaluating valid_Default ...
2026-10-04 21:37:35.805 INFO: Error-table on TRAIN and VALID:
+---------------+---------------------+------------------+-------------------+
|  config_type  | RMSE E / meV / atom | RMSE F / meV / A | relative F RMSE % |
+---------------+---------------------+------------------+-------------------+
| train_Default |            3.0      |         33.7     |          3.61     |
| valid_Default |            3.0      |         36.1     |          3.16     |
+---------------+---------------------+------------------+-------------------+
2026-10-04 21:37:42.895 INFO: Done
